[erumbot.com/index.html]
[backblue.gif]
[fade.gif]
[index.html]
[erumbot.com/cdn-cgi/apps/head/u4XbZSGT9Oltjv44PQuW7yEEazo.js]
[erumbot.com/static/favicon.ico]
[cdnjs.cloudflare.com/ajax/libs/select2/4.0.6-rc.0/css/select2.min.css]
[erumbot.com/static/css/spectrum.css]
[erumbot.com/static/css/awesomefont.css]
[erumbot.com/static/css/Erum_v2.css]
[erumbot.com/static/css/materialize.css]
[erumbot.com/static/css/right.css]
[erumbot.com/static/img/loading.svg]
[erumbot.com/static/img/serverslide.png]
[erumbot.com/static/img/guilds_slider.png]
[erumbot.com/static/img/logoslide.png]
[erumbot.com/staff.html]
[cdnjs.cloudflare.com/ajax/libs/select2/4.0.6-rc.0/js/select2.min.js]
[unpkg.com/konva@4.0.0/konva.min.js]
[erumbot.com/static/js/jquery-3.4.1.min.js]
[erumbot.com/static/js/materialize.min.js]
[erumbot.com/static/js/Erum_v2.js]
[erumbot.com/index.html]
[erumbot.com/static/css/spectrum.css]
[cdnjs.cloudflare.com/ajax/libs/select2/4.0.6-rc.0/css/select2.min.css]
[ajax.cloudflare.com/cdn-cgi/scripts/7089c43e/cloudflare-static/rocket-loader.min.js]
[erumbot.com/static/webfonts/fa-brands-400.eot]
[erumbot.com/static/webfonts/fa-brands-400d41d.eot]
[erumbot.com/static/webfonts/fa-brands-400.woff2]
[erumbot.com/static/webfonts/fa-brands-400.woff]
[erumbot.com/static/webfonts/fa-brands-400.ttf]
[erumbot.com/static/webfonts/fa-regular-400.eot]
[erumbot.com/static/webfonts/fa-brands-400.svg]
[erumbot.com/static/webfonts/fa-regular-400d41d.eot]
[erumbot.com/static/webfonts/fa-regular-400.woff2]
[erumbot.com/static/webfonts/fa-regular-400.woff]
[erumbot.com/static/webfonts/fa-regular-400.ttf]
[erumbot.com/static/webfonts/fa-regular-400.svg]
[erumbot.com/static/webfonts/fa-solid-900.eot]
[erumbot.com/static/webfonts/fa-solid-900d41d.eot]
[erumbot.com/static/webfonts/fa-solid-900.woff2]
[erumbot.com/static/webfonts/fa-solid-900.woff]
[erumbot.com/static/webfonts/fa-solid-900.ttf]
[erumbot.com/static/css/awesomefont.css]
[erumbot.com/static/css/materialize.css]
[erumbot.com/static/css/Erum_v2.css]
[erumbot.com/static/css/right.css]
[erumbot.com/static/webfonts/fa-solid-900.svg]
[erumbot.com/dashboard/index.html]
[erumbot.com/static/img/loading.svg]
[erumbot.com/static/css/left.css]
[erumbot.com/static/img/avatars/123862800538927104.png]
[erumbot.com/static/img/avatars/319987246759411712.png]
[erumbot.com/static/img/avatars/448656937601597452.png]
[erumbot.com/staff.html]
[erumbot.com/static/webfonts/fa-brands-400.svg]
[erumbot.com/static/webfonts/fa-regular-400.svg]
[erumbot.com/static/webfonts/fa-solid-900.svg]
[erumbot.com/static/css/left.css]
